// Copyright (c) 2023, Halil Durmus. Please see the AUTHORS file for details.
// All rights reserved. Use of this source code is governed by a BSD-style
// license that can be found in the LICENSE file.

// THIS FILE IS GENERATED AUTOMATICALLY AND SHOULD NOT BE EDITED DIRECTLY.

// ignore_for_file: constant_identifier_names, non_constant_identifier_names
// ignore_for_file: unnecessary_import, unused_import

part of 'ireference.dart';

final class _IReferenceBasicGeoposition extends IReference<BasicGeoposition?> {
  _IReferenceBasicGeoposition.fromPtr(super.ptr);

  late final __IReferenceBasicGeopositionVtbl _vtable =
      ptr.ref.vtable.cast<__IReferenceBasicGeopositionVtbl>().ref;

  @override
  BasicGeoposition? get value {
    if (_isNull) return null;

    final retValuePtr = calloc<NativeBasicGeoposition>();

    try {
      final hr = _vtable.get_Value.asFunction<
              int Function(VTablePointer lpVtbl,
                  Pointer<NativeBasicGeoposition> retValuePtr)>()(
          lpVtbl, retValuePtr);

      if (FAILED(hr)) throwWindowsException(hr);

      return retValuePtr.toDart();
    } finally {
      free(retValuePtr);
    }
  }
}

final class __IReferenceBasicGeopositionVtbl extends Struct {
  external IInspectableVtbl baseVtbl;
  external Pointer<
      NativeFunction<
          HRESULT Function(VTablePointer lpVtbl,
              Pointer<NativeBasicGeoposition> retValuePtr)>> get_Value;
}

final class _IReferenceBool extends IReference<bool?> {
  _IReferenceBool.fromPtr(super.ptr);

  late final __IReferenceBoolVtbl _vtable =
      ptr.ref.vtable.cast<__IReferenceBoolVtbl>().ref;

  @override
  bool? get value {
    if (_isNull) return null;

    final retValuePtr = calloc<Bool>();

    try {
      final hr = _vtable.get_Value.asFunction<
              int Function(VTablePointer lpVtbl, Pointer<Bool> retValuePtr)>()(
          lpVtbl, retValuePtr);

      if (FAILED(hr)) throwWindowsException(hr);

      return retValuePtr.value;
    } finally {
      free(retValuePtr);
    }
  }
}

final class __IReferenceBoolVtbl extends Struct {
  external IInspectableVtbl baseVtbl;
  external Pointer<
      NativeFunction<
          HRESULT Function(
              VTablePointer lpVtbl, Pointer<Bool> retValuePtr)>> get_Value;
}

final class _IReferenceColor extends IReference<Color?> {
  _IReferenceColor.fromPtr(super.ptr);

  late final __IReferenceColorVtbl _vtable =
      ptr.ref.vtable.cast<__IReferenceColorVtbl>().ref;

  @override
  Color? get value {
    if (_isNull) return null;

    final retValuePtr = calloc<NativeColor>();

    try {
      final hr = _vtable.get_Value.asFunction<
          int Function(VTablePointer lpVtbl,
              Pointer<NativeColor> retValuePtr)>()(lpVtbl, retValuePtr);

      if (FAILED(hr)) throwWindowsException(hr);

      return retValuePtr.toDart();
    } finally {
      free(retValuePtr);
    }
  }
}

final class __IReferenceColorVtbl extends Struct {
  external IInspectableVtbl baseVtbl;
  external Pointer<
          NativeFunction<
              HRESULT Function(
                  VTablePointer lpVtbl, Pointer<NativeColor> retValuePtr)>>
      get_Value;
}

final class _IReferenceDateTime extends IReference<DateTime?> {
  _IReferenceDateTime.fromPtr(super.ptr);

  late final __IReferenceDateTimeVtbl _vtable =
      ptr.ref.vtable.cast<__IReferenceDateTimeVtbl>().ref;

  @override
  DateTime? get value {
    if (_isNull) return null;

    final retValuePtr = calloc<Int64>();

    try {
      final hr = _vtable.get_Value.asFunction<
              int Function(VTablePointer lpVtbl, Pointer<Int64> retValuePtr)>()(
          lpVtbl, retValuePtr);

      if (FAILED(hr)) throwWindowsException(hr);

      return retValuePtr.toDartDateTime();
    } finally {
      free(retValuePtr);
    }
  }
}

final class __IReferenceDateTimeVtbl extends Struct {
  external IInspectableVtbl baseVtbl;
  external Pointer<
      NativeFunction<
          HRESULT Function(
              VTablePointer lpVtbl, Pointer<Int64> retValuePtr)>> get_Value;
}

final class _IReferenceDisplayPresentationRate
    extends IReference<DisplayPresentationRate?> {
  _IReferenceDisplayPresentationRate.fromPtr(super.ptr);

  late final __IReferenceDisplayPresentationRateVtbl _vtable =
      ptr.ref.vtable.cast<__IReferenceDisplayPresentationRateVtbl>().ref;

  @override
  DisplayPresentationRate? get value {
    if (_isNull) return null;

    final retValuePtr = calloc<NativeDisplayPresentationRate>();

    try {
      final hr = _vtable.get_Value.asFunction<
              int Function(VTablePointer lpVtbl,
                  Pointer<NativeDisplayPresentationRate> retValuePtr)>()(
          lpVtbl, retValuePtr);

      if (FAILED(hr)) throwWindowsException(hr);

      return retValuePtr.toDart();
    } finally {
      free(retValuePtr);
    }
  }
}

final class __IReferenceDisplayPresentationRateVtbl extends Struct {
  external IInspectableVtbl baseVtbl;
  external Pointer<
      NativeFunction<
          HRESULT Function(VTablePointer lpVtbl,
              Pointer<NativeDisplayPresentationRate> retValuePtr)>> get_Value;
}

final class _IReferenceDouble extends IReference<double?> {
  _IReferenceDouble.fromPtr(super.ptr);

  late final __IReferenceDoubleVtbl _vtable =
      ptr.ref.vtable.cast<__IReferenceDoubleVtbl>().ref;

  @override
  double? get value {
    if (_isNull) return null;

    final retValuePtr = calloc<Double>();

    try {
      final hr = _vtable.get_Value.asFunction<
          int Function(VTablePointer lpVtbl,
              Pointer<Double> retValuePtr)>()(lpVtbl, retValuePtr);

      if (FAILED(hr)) throwWindowsException(hr);

      return retValuePtr.value;
    } finally {
      free(retValuePtr);
    }
  }
}

final class __IReferenceDoubleVtbl extends Struct {
  external IInspectableVtbl baseVtbl;
  external Pointer<
      NativeFunction<
          HRESULT Function(
              VTablePointer lpVtbl, Pointer<Double> retValuePtr)>> get_Value;
}

final class _IReferenceDuration extends IReference<Duration?> {
  _IReferenceDuration.fromPtr(super.ptr);

  late final __IReferenceDurationVtbl _vtable =
      ptr.ref.vtable.cast<__IReferenceDurationVtbl>().ref;

  @override
  Duration? get value {
    if (_isNull) return null;

    final retValuePtr = calloc<Int64>();

    try {
      final hr = _vtable.get_Value.asFunction<
              int Function(VTablePointer lpVtbl, Pointer<Int64> retValuePtr)>()(
          lpVtbl, retValuePtr);

      if (FAILED(hr)) throwWindowsException(hr);

      return retValuePtr.toDartDuration();
    } finally {
      free(retValuePtr);
    }
  }
}

final class __IReferenceDurationVtbl extends Struct {
  external IInspectableVtbl baseVtbl;
  external Pointer<
      NativeFunction<
          HRESULT Function(
              VTablePointer lpVtbl, Pointer<Int64> retValuePtr)>> get_Value;
}

final class _IReferenceFloat extends IReference<double?> {
  _IReferenceFloat.fromPtr(super.ptr);

  late final __IReferenceFloatVtbl _vtable =
      ptr.ref.vtable.cast<__IReferenceFloatVtbl>().ref;

  @override
  double? get value {
    if (_isNull) return null;

    final retValuePtr = calloc<Float>();

    try {
      final hr = _vtable.get_Value.asFunction<
              int Function(VTablePointer lpVtbl, Pointer<Float> retValuePtr)>()(
          lpVtbl, retValuePtr);

      if (FAILED(hr)) throwWindowsException(hr);

      return retValuePtr.value;
    } finally {
      free(retValuePtr);
    }
  }
}

final class __IReferenceFloatVtbl extends Struct {
  external IInspectableVtbl baseVtbl;
  external Pointer<
      NativeFunction<
          HRESULT Function(
              VTablePointer lpVtbl, Pointer<Float> retValuePtr)>> get_Value;
}

final class _IReferenceGuid extends IReference<Guid?> {
  _IReferenceGuid.fromPtr(super.ptr);

  late final __IReferenceGuidVtbl _vtable =
      ptr.ref.vtable.cast<__IReferenceGuidVtbl>().ref;

  @override
  Guid? get value {
    if (_isNull) return null;

    final retValuePtr = calloc<GUID>();

    try {
      final hr = _vtable.get_Value.asFunction<
              int Function(VTablePointer lpVtbl, Pointer<GUID> retValuePtr)>()(
          lpVtbl, retValuePtr);

      if (FAILED(hr)) throwWindowsException(hr);

      return retValuePtr.toDartGuid();
    } finally {
      free(retValuePtr);
    }
  }
}

final class __IReferenceGuidVtbl extends Struct {
  external IInspectableVtbl baseVtbl;
  external Pointer<
      NativeFunction<
          HRESULT Function(
              VTablePointer lpVtbl, Pointer<GUID> retValuePtr)>> get_Value;
}

final class _IReferenceHolographicStereoTransform
    extends IReference<HolographicStereoTransform?> {
  _IReferenceHolographicStereoTransform.fromPtr(super.ptr);

  late final __IReferenceHolographicStereoTransformVtbl _vtable =
      ptr.ref.vtable.cast<__IReferenceHolographicStereoTransformVtbl>().ref;

  @override
  HolographicStereoTransform? get value {
    if (_isNull) return null;

    final retValuePtr = calloc<NativeHolographicStereoTransform>();

    try {
      final hr = _vtable.get_Value.asFunction<
              int Function(VTablePointer lpVtbl,
                  Pointer<NativeHolographicStereoTransform> retValuePtr)>()(
          lpVtbl, retValuePtr);

      if (FAILED(hr)) throwWindowsException(hr);

      return retValuePtr.toDart();
    } finally {
      free(retValuePtr);
    }
  }
}

final class __IReferenceHolographicStereoTransformVtbl extends Struct {
  external IInspectableVtbl baseVtbl;
  external Pointer<
          NativeFunction<
              HRESULT Function(VTablePointer lpVtbl,
                  Pointer<NativeHolographicStereoTransform> retValuePtr)>>
      get_Value;
}

final class _IReferenceInt16 extends IReference<int?> {
  _IReferenceInt16.fromPtr(super.ptr);

  late final __IReferenceInt16Vtbl _vtable =
      ptr.ref.vtable.cast<__IReferenceInt16Vtbl>().ref;

  @override
  int? get value {
    if (_isNull) return null;

    final retValuePtr = calloc<Int16>();

    try {
      final hr = _vtable.get_Value.asFunction<
              int Function(VTablePointer lpVtbl, Pointer<Int16> retValuePtr)>()(
          lpVtbl, retValuePtr);

      if (FAILED(hr)) throwWindowsException(hr);

      return retValuePtr.value;
    } finally {
      free(retValuePtr);
    }
  }
}

final class __IReferenceInt16Vtbl extends Struct {
  external IInspectableVtbl baseVtbl;
  external Pointer<
      NativeFunction<
          HRESULT Function(
              VTablePointer lpVtbl, Pointer<Int16> retValuePtr)>> get_Value;
}

final class _IReferenceInt32 extends IReference<int?> {
  _IReferenceInt32.fromPtr(super.ptr);

  late final __IReferenceInt32Vtbl _vtable =
      ptr.ref.vtable.cast<__IReferenceInt32Vtbl>().ref;

  @override
  int? get value {
    if (_isNull) return null;

    final retValuePtr = calloc<Int32>();

    try {
      final hr = _vtable.get_Value.asFunction<
              int Function(VTablePointer lpVtbl, Pointer<Int32> retValuePtr)>()(
          lpVtbl, retValuePtr);

      if (FAILED(hr)) throwWindowsException(hr);

      return retValuePtr.value;
    } finally {
      free(retValuePtr);
    }
  }
}

final class __IReferenceInt32Vtbl extends Struct {
  external IInspectableVtbl baseVtbl;
  external Pointer<
      NativeFunction<
          HRESULT Function(
              VTablePointer lpVtbl, Pointer<Int32> retValuePtr)>> get_Value;
}

final class _IReferenceInt64 extends IReference<int?> {
  _IReferenceInt64.fromPtr(super.ptr);

  late final __IReferenceInt64Vtbl _vtable =
      ptr.ref.vtable.cast<__IReferenceInt64Vtbl>().ref;

  @override
  int? get value {
    if (_isNull) return null;

    final retValuePtr = calloc<Int64>();

    try {
      final hr = _vtable.get_Value.asFunction<
              int Function(VTablePointer lpVtbl, Pointer<Int64> retValuePtr)>()(
          lpVtbl, retValuePtr);

      if (FAILED(hr)) throwWindowsException(hr);

      return retValuePtr.value;
    } finally {
      free(retValuePtr);
    }
  }
}

final class __IReferenceInt64Vtbl extends Struct {
  external IInspectableVtbl baseVtbl;
  external Pointer<
      NativeFunction<
          HRESULT Function(
              VTablePointer lpVtbl, Pointer<Int64> retValuePtr)>> get_Value;
}

final class _IReferenceMatrix4x4 extends IReference<Matrix4x4?> {
  _IReferenceMatrix4x4.fromPtr(super.ptr);

  late final __IReferenceMatrix4x4Vtbl _vtable =
      ptr.ref.vtable.cast<__IReferenceMatrix4x4Vtbl>().ref;

  @override
  Matrix4x4? get value {
    if (_isNull) return null;

    final retValuePtr = calloc<NativeMatrix4x4>();

    try {
      final hr = _vtable.get_Value.asFunction<
          int Function(VTablePointer lpVtbl,
              Pointer<NativeMatrix4x4> retValuePtr)>()(lpVtbl, retValuePtr);

      if (FAILED(hr)) throwWindowsException(hr);

      return retValuePtr.toDart();
    } finally {
      free(retValuePtr);
    }
  }
}

final class __IReferenceMatrix4x4Vtbl extends Struct {
  external IInspectableVtbl baseVtbl;
  external Pointer<
          NativeFunction<
              HRESULT Function(
                  VTablePointer lpVtbl, Pointer<NativeMatrix4x4> retValuePtr)>>
      get_Value;
}

final class _IReferenceMseTimeRange extends IReference<MseTimeRange?> {
  _IReferenceMseTimeRange.fromPtr(super.ptr);

  late final __IReferenceMseTimeRangeVtbl _vtable =
      ptr.ref.vtable.cast<__IReferenceMseTimeRangeVtbl>().ref;

  @override
  MseTimeRange? get value {
    if (_isNull) return null;

    final retValuePtr = calloc<NativeMseTimeRange>();

    try {
      final hr = _vtable.get_Value.asFunction<
          int Function(VTablePointer lpVtbl,
              Pointer<NativeMseTimeRange> retValuePtr)>()(lpVtbl, retValuePtr);

      if (FAILED(hr)) throwWindowsException(hr);

      return retValuePtr.toDart();
    } finally {
      free(retValuePtr);
    }
  }
}

final class __IReferenceMseTimeRangeVtbl extends Struct {
  external IInspectableVtbl baseVtbl;
  external Pointer<
      NativeFunction<
          HRESULT Function(VTablePointer lpVtbl,
              Pointer<NativeMseTimeRange> retValuePtr)>> get_Value;
}

final class _IReferencePoint extends IReference<Point?> {
  _IReferencePoint.fromPtr(super.ptr);

  late final __IReferencePointVtbl _vtable =
      ptr.ref.vtable.cast<__IReferencePointVtbl>().ref;

  @override
  Point? get value {
    if (_isNull) return null;

    final retValuePtr = calloc<NativePoint>();

    try {
      final hr = _vtable.get_Value.asFunction<
          int Function(VTablePointer lpVtbl,
              Pointer<NativePoint> retValuePtr)>()(lpVtbl, retValuePtr);

      if (FAILED(hr)) throwWindowsException(hr);

      return retValuePtr.toDart();
    } finally {
      free(retValuePtr);
    }
  }
}

final class __IReferencePointVtbl extends Struct {
  external IInspectableVtbl baseVtbl;
  external Pointer<
          NativeFunction<
              HRESULT Function(
                  VTablePointer lpVtbl, Pointer<NativePoint> retValuePtr)>>
      get_Value;
}

final class _IReferenceQuaternion extends IReference<Quaternion?> {
  _IReferenceQuaternion.fromPtr(super.ptr);

  late final __IReferenceQuaternionVtbl _vtable =
      ptr.ref.vtable.cast<__IReferenceQuaternionVtbl>().ref;

  @override
  Quaternion? get value {
    if (_isNull) return null;

    final retValuePtr = calloc<NativeQuaternion>();

    try {
      final hr = _vtable.get_Value.asFunction<
          int Function(VTablePointer lpVtbl,
              Pointer<NativeQuaternion> retValuePtr)>()(lpVtbl, retValuePtr);

      if (FAILED(hr)) throwWindowsException(hr);

      return retValuePtr.toDart();
    } finally {
      free(retValuePtr);
    }
  }
}

final class __IReferenceQuaternionVtbl extends Struct {
  external IInspectableVtbl baseVtbl;
  external Pointer<
          NativeFunction<
              HRESULT Function(
                  VTablePointer lpVtbl, Pointer<NativeQuaternion> retValuePtr)>>
      get_Value;
}

final class _IReferenceRect extends IReference<Rect?> {
  _IReferenceRect.fromPtr(super.ptr);

  late final __IReferenceRectVtbl _vtable =
      ptr.ref.vtable.cast<__IReferenceRectVtbl>().ref;

  @override
  Rect? get value {
    if (_isNull) return null;

    final retValuePtr = calloc<NativeRect>();

    try {
      final hr = _vtable.get_Value.asFunction<
          int Function(VTablePointer lpVtbl,
              Pointer<NativeRect> retValuePtr)>()(lpVtbl, retValuePtr);

      if (FAILED(hr)) throwWindowsException(hr);

      return retValuePtr.toDart();
    } finally {
      free(retValuePtr);
    }
  }
}

final class __IReferenceRectVtbl extends Struct {
  external IInspectableVtbl baseVtbl;
  external Pointer<
          NativeFunction<
              HRESULT Function(
                  VTablePointer lpVtbl, Pointer<NativeRect> retValuePtr)>>
      get_Value;
}

final class _IReferenceSize extends IReference<Size?> {
  _IReferenceSize.fromPtr(super.ptr);

  late final __IReferenceSizeVtbl _vtable =
      ptr.ref.vtable.cast<__IReferenceSizeVtbl>().ref;

  @override
  Size? get value {
    if (_isNull) return null;

    final retValuePtr = calloc<NativeSize>();

    try {
      final hr = _vtable.get_Value.asFunction<
          int Function(VTablePointer lpVtbl,
              Pointer<NativeSize> retValuePtr)>()(lpVtbl, retValuePtr);

      if (FAILED(hr)) throwWindowsException(hr);

      return retValuePtr.toDart();
    } finally {
      free(retValuePtr);
    }
  }
}

final class __IReferenceSizeVtbl extends Struct {
  external IInspectableVtbl baseVtbl;
  external Pointer<
          NativeFunction<
              HRESULT Function(
                  VTablePointer lpVtbl, Pointer<NativeSize> retValuePtr)>>
      get_Value;
}

final class _IReferenceSizeInt32 extends IReference<SizeInt32?> {
  _IReferenceSizeInt32.fromPtr(super.ptr);

  late final __IReferenceSizeInt32Vtbl _vtable =
      ptr.ref.vtable.cast<__IReferenceSizeInt32Vtbl>().ref;

  @override
  SizeInt32? get value {
    if (_isNull) return null;

    final retValuePtr = calloc<NativeSizeInt32>();

    try {
      final hr = _vtable.get_Value.asFunction<
          int Function(VTablePointer lpVtbl,
              Pointer<NativeSizeInt32> retValuePtr)>()(lpVtbl, retValuePtr);

      if (FAILED(hr)) throwWindowsException(hr);

      return retValuePtr.toDart();
    } finally {
      free(retValuePtr);
    }
  }
}

final class __IReferenceSizeInt32Vtbl extends Struct {
  external IInspectableVtbl baseVtbl;
  external Pointer<
          NativeFunction<
              HRESULT Function(
                  VTablePointer lpVtbl, Pointer<NativeSizeInt32> retValuePtr)>>
      get_Value;
}

final class _IReferenceSpatialBoundingBox
    extends IReference<SpatialBoundingBox?> {
  _IReferenceSpatialBoundingBox.fromPtr(super.ptr);

  late final __IReferenceSpatialBoundingBoxVtbl _vtable =
      ptr.ref.vtable.cast<__IReferenceSpatialBoundingBoxVtbl>().ref;

  @override
  SpatialBoundingBox? get value {
    if (_isNull) return null;

    final retValuePtr = calloc<NativeSpatialBoundingBox>();

    try {
      final hr = _vtable.get_Value.asFunction<
              int Function(VTablePointer lpVtbl,
                  Pointer<NativeSpatialBoundingBox> retValuePtr)>()(
          lpVtbl, retValuePtr);

      if (FAILED(hr)) throwWindowsException(hr);

      return retValuePtr.toDart();
    } finally {
      free(retValuePtr);
    }
  }
}

final class __IReferenceSpatialBoundingBoxVtbl extends Struct {
  external IInspectableVtbl baseVtbl;
  external Pointer<
      NativeFunction<
          HRESULT Function(VTablePointer lpVtbl,
              Pointer<NativeSpatialBoundingBox> retValuePtr)>> get_Value;
}

final class _IReferenceSpatialBoundingFrustum
    extends IReference<SpatialBoundingFrustum?> {
  _IReferenceSpatialBoundingFrustum.fromPtr(super.ptr);

  late final __IReferenceSpatialBoundingFrustumVtbl _vtable =
      ptr.ref.vtable.cast<__IReferenceSpatialBoundingFrustumVtbl>().ref;

  @override
  SpatialBoundingFrustum? get value {
    if (_isNull) return null;

    final retValuePtr = calloc<NativeSpatialBoundingFrustum>();

    try {
      final hr = _vtable.get_Value.asFunction<
              int Function(VTablePointer lpVtbl,
                  Pointer<NativeSpatialBoundingFrustum> retValuePtr)>()(
          lpVtbl, retValuePtr);

      if (FAILED(hr)) throwWindowsException(hr);

      return retValuePtr.toDart();
    } finally {
      free(retValuePtr);
    }
  }
}

final class __IReferenceSpatialBoundingFrustumVtbl extends Struct {
  external IInspectableVtbl baseVtbl;
  external Pointer<
      NativeFunction<
          HRESULT Function(VTablePointer lpVtbl,
              Pointer<NativeSpatialBoundingFrustum> retValuePtr)>> get_Value;
}

final class _IReferenceSpatialBoundingOrientedBox
    extends IReference<SpatialBoundingOrientedBox?> {
  _IReferenceSpatialBoundingOrientedBox.fromPtr(super.ptr);

  late final __IReferenceSpatialBoundingOrientedBoxVtbl _vtable =
      ptr.ref.vtable.cast<__IReferenceSpatialBoundingOrientedBoxVtbl>().ref;

  @override
  SpatialBoundingOrientedBox? get value {
    if (_isNull) return null;

    final retValuePtr = calloc<NativeSpatialBoundingOrientedBox>();

    try {
      final hr = _vtable.get_Value.asFunction<
              int Function(VTablePointer lpVtbl,
                  Pointer<NativeSpatialBoundingOrientedBox> retValuePtr)>()(
          lpVtbl, retValuePtr);

      if (FAILED(hr)) throwWindowsException(hr);

      return retValuePtr.toDart();
    } finally {
      free(retValuePtr);
    }
  }
}

final class __IReferenceSpatialBoundingOrientedBoxVtbl extends Struct {
  external IInspectableVtbl baseVtbl;
  external Pointer<
          NativeFunction<
              HRESULT Function(VTablePointer lpVtbl,
                  Pointer<NativeSpatialBoundingOrientedBox> retValuePtr)>>
      get_Value;
}

final class _IReferenceSpatialRay extends IReference<SpatialRay?> {
  _IReferenceSpatialRay.fromPtr(super.ptr);

  late final __IReferenceSpatialRayVtbl _vtable =
      ptr.ref.vtable.cast<__IReferenceSpatialRayVtbl>().ref;

  @override
  SpatialRay? get value {
    if (_isNull) return null;

    final retValuePtr = calloc<NativeSpatialRay>();

    try {
      final hr = _vtable.get_Value.asFunction<
          int Function(VTablePointer lpVtbl,
              Pointer<NativeSpatialRay> retValuePtr)>()(lpVtbl, retValuePtr);

      if (FAILED(hr)) throwWindowsException(hr);

      return retValuePtr.toDart();
    } finally {
      free(retValuePtr);
    }
  }
}

final class __IReferenceSpatialRayVtbl extends Struct {
  external IInspectableVtbl baseVtbl;
  external Pointer<
          NativeFunction<
              HRESULT Function(
                  VTablePointer lpVtbl, Pointer<NativeSpatialRay> retValuePtr)>>
      get_Value;
}

final class _IReferenceString extends IReference<String?> {
  _IReferenceString.fromPtr(super.ptr);

  late final __IReferenceStringVtbl _vtable =
      ptr.ref.vtable.cast<__IReferenceStringVtbl>().ref;

  @override
  String? get value {
    if (_isNull) return null;

    final retValuePtr = calloc<IntPtr>();

    try {
      final hr = _vtable.get_Value.asFunction<
          int Function(VTablePointer lpVtbl,
              Pointer<IntPtr> retValuePtr)>()(lpVtbl, retValuePtr);

      if (FAILED(hr)) throwWindowsException(hr);

      return retValuePtr.toDartString();
    } finally {
      free(retValuePtr);
    }
  }
}

final class __IReferenceStringVtbl extends Struct {
  external IInspectableVtbl baseVtbl;
  external Pointer<
      NativeFunction<
          HRESULT Function(
              VTablePointer lpVtbl, Pointer<IntPtr> retValuePtr)>> get_Value;
}

final class _IReferenceUint8 extends IReference<int?> {
  _IReferenceUint8.fromPtr(super.ptr);

  late final __IReferenceUint8Vtbl _vtable =
      ptr.ref.vtable.cast<__IReferenceUint8Vtbl>().ref;

  @override
  int? get value {
    if (_isNull) return null;

    final retValuePtr = calloc<Uint8>();

    try {
      final hr = _vtable.get_Value.asFunction<
              int Function(VTablePointer lpVtbl, Pointer<Uint8> retValuePtr)>()(
          lpVtbl, retValuePtr);

      if (FAILED(hr)) throwWindowsException(hr);

      return retValuePtr.value;
    } finally {
      free(retValuePtr);
    }
  }
}

final class __IReferenceUint8Vtbl extends Struct {
  external IInspectableVtbl baseVtbl;
  external Pointer<
      NativeFunction<
          HRESULT Function(
              VTablePointer lpVtbl, Pointer<Uint8> retValuePtr)>> get_Value;
}

final class _IReferenceUint16 extends IReference<int?> {
  _IReferenceUint16.fromPtr(super.ptr);

  late final __IReferenceUint16Vtbl _vtable =
      ptr.ref.vtable.cast<__IReferenceUint16Vtbl>().ref;

  @override
  int? get value {
    if (_isNull) return null;

    final retValuePtr = calloc<Uint16>();

    try {
      final hr = _vtable.get_Value.asFunction<
          int Function(VTablePointer lpVtbl,
              Pointer<Uint16> retValuePtr)>()(lpVtbl, retValuePtr);

      if (FAILED(hr)) throwWindowsException(hr);

      return retValuePtr.value;
    } finally {
      free(retValuePtr);
    }
  }
}

final class __IReferenceUint16Vtbl extends Struct {
  external IInspectableVtbl baseVtbl;
  external Pointer<
      NativeFunction<
          HRESULT Function(
              VTablePointer lpVtbl, Pointer<Uint16> retValuePtr)>> get_Value;
}

final class _IReferenceUint32 extends IReference<int?> {
  _IReferenceUint32.fromPtr(super.ptr);

  late final __IReferenceUint32Vtbl _vtable =
      ptr.ref.vtable.cast<__IReferenceUint32Vtbl>().ref;

  @override
  int? get value {
    if (_isNull) return null;

    final retValuePtr = calloc<Uint32>();

    try {
      final hr = _vtable.get_Value.asFunction<
          int Function(VTablePointer lpVtbl,
              Pointer<Uint32> retValuePtr)>()(lpVtbl, retValuePtr);

      if (FAILED(hr)) throwWindowsException(hr);

      return retValuePtr.value;
    } finally {
      free(retValuePtr);
    }
  }
}

final class __IReferenceUint32Vtbl extends Struct {
  external IInspectableVtbl baseVtbl;
  external Pointer<
      NativeFunction<
          HRESULT Function(
              VTablePointer lpVtbl, Pointer<Uint32> retValuePtr)>> get_Value;
}

final class _IReferenceUint64 extends IReference<int?> {
  _IReferenceUint64.fromPtr(super.ptr);

  late final __IReferenceUint64Vtbl _vtable =
      ptr.ref.vtable.cast<__IReferenceUint64Vtbl>().ref;

  @override
  int? get value {
    if (_isNull) return null;

    final retValuePtr = calloc<Uint64>();

    try {
      final hr = _vtable.get_Value.asFunction<
          int Function(VTablePointer lpVtbl,
              Pointer<Uint64> retValuePtr)>()(lpVtbl, retValuePtr);

      if (FAILED(hr)) throwWindowsException(hr);

      return retValuePtr.value;
    } finally {
      free(retValuePtr);
    }
  }
}

final class __IReferenceUint64Vtbl extends Struct {
  external IInspectableVtbl baseVtbl;
  external Pointer<
      NativeFunction<
          HRESULT Function(
              VTablePointer lpVtbl, Pointer<Uint64> retValuePtr)>> get_Value;
}

final class _IReferenceVector2 extends IReference<Vector2?> {
  _IReferenceVector2.fromPtr(super.ptr);

  late final __IReferenceVector2Vtbl _vtable =
      ptr.ref.vtable.cast<__IReferenceVector2Vtbl>().ref;

  @override
  Vector2? get value {
    if (_isNull) return null;

    final retValuePtr = calloc<NativeVector2>();

    try {
      final hr = _vtable.get_Value.asFunction<
          int Function(VTablePointer lpVtbl,
              Pointer<NativeVector2> retValuePtr)>()(lpVtbl, retValuePtr);

      if (FAILED(hr)) throwWindowsException(hr);

      return retValuePtr.toDart();
    } finally {
      free(retValuePtr);
    }
  }
}

final class __IReferenceVector2Vtbl extends Struct {
  external IInspectableVtbl baseVtbl;
  external Pointer<
          NativeFunction<
              HRESULT Function(
                  VTablePointer lpVtbl, Pointer<NativeVector2> retValuePtr)>>
      get_Value;
}

final class _IReferenceVector3 extends IReference<Vector3?> {
  _IReferenceVector3.fromPtr(super.ptr);

  late final __IReferenceVector3Vtbl _vtable =
      ptr.ref.vtable.cast<__IReferenceVector3Vtbl>().ref;

  @override
  Vector3? get value {
    if (_isNull) return null;

    final retValuePtr = calloc<NativeVector3>();

    try {
      final hr = _vtable.get_Value.asFunction<
          int Function(VTablePointer lpVtbl,
              Pointer<NativeVector3> retValuePtr)>()(lpVtbl, retValuePtr);

      if (FAILED(hr)) throwWindowsException(hr);

      return retValuePtr.toDart();
    } finally {
      free(retValuePtr);
    }
  }
}

final class __IReferenceVector3Vtbl extends Struct {
  external IInspectableVtbl baseVtbl;
  external Pointer<
          NativeFunction<
              HRESULT Function(
                  VTablePointer lpVtbl, Pointer<NativeVector3> retValuePtr)>>
      get_Value;
}

final class _IReferenceWhiteBalanceGain extends IReference<WhiteBalanceGain?> {
  _IReferenceWhiteBalanceGain.fromPtr(super.ptr);

  late final __IReferenceWhiteBalanceGainVtbl _vtable =
      ptr.ref.vtable.cast<__IReferenceWhiteBalanceGainVtbl>().ref;

  @override
  WhiteBalanceGain? get value {
    if (_isNull) return null;

    final retValuePtr = calloc<NativeWhiteBalanceGain>();

    try {
      final hr = _vtable.get_Value.asFunction<
              int Function(VTablePointer lpVtbl,
                  Pointer<NativeWhiteBalanceGain> retValuePtr)>()(
          lpVtbl, retValuePtr);

      if (FAILED(hr)) throwWindowsException(hr);

      return retValuePtr.toDart();
    } finally {
      free(retValuePtr);
    }
  }
}

final class __IReferenceWhiteBalanceGainVtbl extends Struct {
  external IInspectableVtbl baseVtbl;
  external Pointer<
      NativeFunction<
          HRESULT Function(VTablePointer lpVtbl,
              Pointer<NativeWhiteBalanceGain> retValuePtr)>> get_Value;
}

final class _IReferenceWinRTEnum<T> extends IReference<T> {
  _IReferenceWinRTEnum.fromPtr(super.ptr, {required this.tEnumCreator});

  late final __IReferenceWinRTEnumVtbl _vtable =
      ptr.ref.vtable.cast<__IReferenceWinRTEnumVtbl>().ref;
  final EnumCreator<T> tEnumCreator;

  @override
  T get value {
    if (_isNull) return null as T;

    final retValuePtr = calloc<Int32>();

    try {
      final hr = _vtable.get_Value.asFunction<
              int Function(VTablePointer lpVtbl, Pointer<Int32> retValuePtr)>()(
          lpVtbl, retValuePtr);

      if (FAILED(hr)) throwWindowsException(hr);

      return tEnumCreator(retValuePtr.value);
    } finally {
      free(retValuePtr);
    }
  }
}

final class __IReferenceWinRTEnumVtbl extends Struct {
  external IInspectableVtbl baseVtbl;
  external Pointer<
      NativeFunction<
          HRESULT Function(
              VTablePointer lpVtbl, Pointer<Int32> retValuePtr)>> get_Value;
}

final class _IReferenceWinRTFlagsEnum<T> extends IReference<T> {
  _IReferenceWinRTFlagsEnum.fromPtr(super.ptr, {required this.tEnumCreator});

  late final __IReferenceWinRTFlagsEnumVtbl _vtable =
      ptr.ref.vtable.cast<__IReferenceWinRTFlagsEnumVtbl>().ref;
  final EnumCreator<T> tEnumCreator;

  @override
  T get value {
    if (_isNull) return null as T;

    final retValuePtr = calloc<Uint32>();

    try {
      final hr = _vtable.get_Value.asFunction<
          int Function(VTablePointer lpVtbl,
              Pointer<Uint32> retValuePtr)>()(lpVtbl, retValuePtr);

      if (FAILED(hr)) throwWindowsException(hr);

      return tEnumCreator(retValuePtr.value);
    } finally {
      free(retValuePtr);
    }
  }
}

final class __IReferenceWinRTFlagsEnumVtbl extends Struct {
  external IInspectableVtbl baseVtbl;
  external Pointer<
      NativeFunction<
          HRESULT Function(
              VTablePointer lpVtbl, Pointer<Uint32> retValuePtr)>> get_Value;
}
